[INFO] Scanning for projects...
[INFO] 
[INFO] ---------------------------< org.com:story >----------------------------
[INFO] Building story 0.0.1-SNAPSHOT
[INFO]   from pom.xml
[INFO] --------------------------------[ jar ]---------------------------------
[INFO] 
[INFO] --- resources:3.3.1:resources (default-resources) @ story ---
[INFO] Copying 2 resources from src\main\resources to target\classes
[INFO] Copying 0 resource from src\main\resources to target\classes
[INFO] 
[INFO] --- compiler:3.11.0:compile (default-compile) @ story ---
[INFO] Changes detected - recompiling the module! :source
[INFO] Compiling 241 source files with javac [debug release 17] to target\classes
[INFO] ------------------------------------------------------------------------
[INFO] BUILD SUCCESS
[INFO] ------------------------------------------------------------------------
[INFO] Total time:  6.270 s
[INFO] Finished at: 2026-03-25T00:15:40+07:00
[INFO] ------------------------------------------------------------------------
